Aligning contigs to reference...
	Aligning contigs to the reference
Filtering alignments...
Parsing coords...
Loading reference...
	Loaded [CP017100.1]
	Total Regions: 1
	Total Region Length: 4583637
Analyzing contigs...
CONTIG: Utg5800 (4581274bp)
Best alignment score: 4572111.5 (LEN: 4581274, IDY: 99.80), Total number of alignments: 1
		One align captures most of this contig: 1848 4582286 | 1 4581274 | 4580439 4581274 | 99.8 | CP017100.1 Utg5800

Analyzing coverage...
Writing SNPs into /home/abhiraj_arya/research/GNNome/data/classical_raven_quast_results/contigs_reports/minimap_output/CP017100_assembly.used_snps

Analysis is finished!
Founded SNPs were written into /home/abhiraj_arya/research/GNNome/data/classical_raven_quast_results/contigs_reports/minimap_output/CP017100_assembly.used_snps

Results:
	Local Misassemblies: 0
	Misassemblies: 0
		Relocations: 0
		Translocations: 0
		Inversions: 0
	Scaffold gap extensive misassemblies: 0
	Scaffold gap local misassemblies: 0
	Misassembled Contigs: 0
	Misassembled Contig Bases: 0
	Misassemblies Inter-Contig Overlap ("Extra" Aligned Bases): 0
Unaligned Contigs: 0 + 0 part
Half Unaligned Contigs with Misassemblies: 0
Unaligned Bases in Fully and Partially Unaligned Contigs: 0

Ambiguously Mapped Contigs: 0
Total Bases in Ambiguously Mapped Contigs: 0
"Extra" Aligned Bases in Ambiguously Mapped Contigs: 0
Note that --allow-ambiguity option was set to "one" and only first alignment per each of these contigs was used (there is no "extra" aligned bases).

	Covered Bases in Reference: 4580439
	Raw Aligned Bases in Assembly: 4581274
	Total Aligned Bases in Assembly (with "Extras"): 4581274

	SNPs: 708
	Insertions: 4575
	Deletions: 3740

