/home/abhiraj_arya/miniconda3/envs/gnnome/bin/quast.py -r Ecoli_K12_ref.fasta example/hifiasm/assembly/0_assembly.fasta raven_assembly.fasta -o quast_final/

Version: 5.3.0

System information:
  OS: Linux-6.18.33.2-microsoft-standard-WSL2-x86_64-with-glibc2.17 (linux_64)
  Python version: 3.8.20
  CPUs number: 12

Started: 2026-07-09 22:16:55

Logging to /home/abhiraj_arya/research/GNNome/quast_final/quast.log
NOTICE: Output directory already exists and looks like a QUAST output dir. Existing results can be reused (e.g. previously generated alignments)!
NOTICE: Maximum number of threads is set to 3 (use --threads option to set it manually)

CWD: /home/abhiraj_arya/research/GNNome
Main parameters: 
  MODE: default, threads: 3, min contig length: 500, min alignment length: 65, min alignment IDY: 95.0, \
  ambiguity: one, min local misassembly length: 200, min extensive misassembly length: 1000

Reference:
  /home/abhiraj_arya/research/GNNome/Ecoli_K12_ref.fasta ==> Ecoli_K12_ref

Contigs:
  Pre-processing...
  1  example/hifiasm/assembly/0_assembly.fasta ==> 0_assembly
  2  raven_assembly.fasta ==> raven_assembly

2026-07-09 22:16:56
Running Basic statistics processor...
  Reference genome:
    Ecoli_K12_ref.fasta, length = 4641652, num fragments = 1, GC % = 50.79
  Contig files: 
    1  0_assembly
    2  raven_assembly
  Calculating N50 and L50...
    1  0_assembly, N50 = 4640719, L50 = 1, auN = 4640719.0, Total length = 4640719, GC % = 50.79, # N's per 100 kbp =  0.00
    2  raven_assembly, N50 = 4635257, L50 = 1, auN = 4635257.0, Total length = 4635257, GC % = 50.79, # N's per 100 kbp =  0.00
  Drawing Nx plot...
    saved to /home/abhiraj_arya/research/GNNome/quast_final/basic_stats/Nx_plot.pdf
  Drawing NGx plot...
    saved to /home/abhiraj_arya/research/GNNome/quast_final/basic_stats/NGx_plot.pdf
  Drawing cumulative plot...
    saved to /home/abhiraj_arya/research/GNNome/quast_final/basic_stats/cumulative_plot.pdf
  Drawing GC content plot...
    saved to /home/abhiraj_arya/research/GNNome/quast_final/basic_stats/GC_content_plot.pdf
  Drawing 0_assembly GC content plot...
    saved to /home/abhiraj_arya/research/GNNome/quast_final/basic_stats/0_assembly_GC_content_plot.pdf
  Drawing raven_assembly GC content plot...
    saved to /home/abhiraj_arya/research/GNNome/quast_final/basic_stats/raven_assembly_GC_content_plot.pdf
Done.

2026-07-09 22:16:57
Running Contig analyzer...
  1  0_assembly
  2  raven_assembly
  1  Logging to files /home/abhiraj_arya/research/GNNome/quast_final/contigs_reports/contigs_report_0_assembly.stdout and contigs_report_0_assembly.stderr...
  2  Logging to files /home/abhiraj_arya/research/GNNome/quast_final/contigs_reports/contigs_report_raven_assembly.stdout and contigs_report_raven_assembly.stderr...
  2  Aligning contigs to the reference
  2  /home/abhiraj_arya/miniconda3/envs/gnnome/bin/minimap2 -c -x asm10 -B5 -O4,16 \
     --no-long-join -r 200 -N 50 -s 65 -z 200 --mask-level 0.9 --min-occ 200 -g 2500 \
     --score-N 2 --cs -t 1 quast_final/quast_corrected_input/Ecoli_K12_ref.fasta quast_final/quast_corrected_input/raven_assembly.fasta \
     > quast_final/contigs_reports/minimap_output/raven_assembly.coords_tmp 2>> quast_final/contigs_reports/contigs_report_raven_assembly.stderr
  1  Using existing alignments... 
  1  Analysis is finished.

  2  Analysis is finished.

  Creating total report...
    saved to /home/abhiraj_arya/research/GNNome/quast_final/contigs_reports/misassemblies_report.txt, misassemblies_report.tsv, and misassemblies_report.tex
  Transposed version of total report...
    saved to /home/abhiraj_arya/research/GNNome/quast_final/contigs_reports/transposed_report_misassemblies.txt, transposed_report_misassemblies.tsv, and transposed_report_misassemblies.tex
  Creating total report...
    saved to /home/abhiraj_arya/research/GNNome/quast_final/contigs_reports/unaligned_report.txt, unaligned_report.tsv, and unaligned_report.tex
  Drawing misassemblies by types plot...
    saved to /home/abhiraj_arya/research/GNNome/quast_final/contigs_reports/misassemblies_plot.pdf
  Drawing misassemblies FRCurve plot...
    saved to /home/abhiraj_arya/research/GNNome/quast_final/contigs_reports/misassemblies_frcurve_plot.pdf
Done.

2026-07-09 22:16:58
Running NA-NGA calculation...
  1  0_assembly, Largest alignment = 4640716, NA50 = 4640716, NGA50 = 4640716, LA50 = 1, LGA50 = 1
  2  raven_assembly, Largest alignment = 4635257, NA50 = 4635257, NGA50 = 4635257, LA50 = 1, LGA50 = 1
  Drawing cumulative plot...
    saved to /home/abhiraj_arya/research/GNNome/quast_final/aligned_stats/cumulative_plot.pdf
  Drawing NAx plot...
    saved to /home/abhiraj_arya/research/GNNome/quast_final/aligned_stats/NAx_plot.pdf
  Drawing NGAx plot...
    saved to /home/abhiraj_arya/research/GNNome/quast_final/aligned_stats/NGAx_plot.pdf
Done.

2026-07-09 22:16:59
Running Genome analyzer...
  NOTICE: No file with genomic features were provided. Use the --features option if you want to specify it.

  NOTICE: No file with operons were provided. Use the -O option if you want to specify it.
  1  0_assembly
  2  raven_assembly
  1  Analysis is finished.
  2  Analysis is finished.
  Drawing Genome fraction, % histogram...
    saved to /home/abhiraj_arya/research/GNNome/quast_final/genome_stats/genome_fraction_histogram.pdf
Done.

NOTICE: Genes are not predicted by default. Use --gene-finding or --glimmer option to enable it.

2026-07-09 22:16:59
Creating large visual summaries...
This may take a while: press Ctrl-C to skip this step..
  1 of 2: Creating PDF with all tables and plots...
  2 of 2: Creating Icarus viewers...
Done

2026-07-09 22:17:00
RESULTS:
  Text versions of total report are saved to /home/abhiraj_arya/research/GNNome/quast_final/report.txt, report.tsv, and report.tex
  Text versions of transposed total report are saved to /home/abhiraj_arya/research/GNNome/quast_final/transposed_report.txt, transposed_report.tsv, and transposed_report.tex
  HTML version (interactive tables and plots) is saved to /home/abhiraj_arya/research/GNNome/quast_final/report.html
  PDF version (tables and plots) is saved to /home/abhiraj_arya/research/GNNome/quast_final/report.pdf
  Icarus (contig browser) is saved to /home/abhiraj_arya/research/GNNome/quast_final/icarus.html
  Log is saved to /home/abhiraj_arya/research/GNNome/quast_final/quast.log

Finished: 2026-07-09 22:17:00
Elapsed time: 0:00:05.430222
NOTICEs: 5; WARNINGs: 1; non-fatal ERRORs: 0

Thank you for using QUAST!
