Aligning contigs to reference...
	Aligning contigs to the reference
Filtering alignments...
Parsing coords...
Loading reference...
	Loaded [NC_000913.3]
	Total Regions: 1
	Total Region Length: 4641652
Analyzing contigs...
CONTIG: contig_0 (4640720bp)
Best alignment score: 4640717.0 (LEN: 4640717, IDY: 100.00), Total number of alignments: 1
		One align captures most of this contig: 903 4641621 | 4640717 1 | 4640719 4640717 | 100.0 | NC_000913.3 contig_0

Analyzing coverage...
Writing SNPs into /home/abhiraj_arya/research/GNNome/quast_final/contigs_reports/minimap_output/ecoli_assembly.used_snps

Analysis is finished!
Founded SNPs were written into /home/abhiraj_arya/research/GNNome/quast_final/contigs_reports/minimap_output/ecoli_assembly.used_snps

Results:
	Local Misassemblies: 0
	Misassemblies: 0
		Relocations: 0
		Translocations: 0
		Inversions: 0
	Scaffold gap extensive misassemblies: 0
	Scaffold gap local misassemblies: 0
	Misassembled Contigs: 0
	Misassembled Contig Bases: 0
	Misassemblies Inter-Contig Overlap ("Extra" Aligned Bases): 0
Unaligned Contigs: 0 + 0 part
Half Unaligned Contigs with Misassemblies: 0
Unaligned Bases in Fully and Partially Unaligned Contigs: 0

Ambiguously Mapped Contigs: 0
Total Bases in Ambiguously Mapped Contigs: 0
"Extra" Aligned Bases in Ambiguously Mapped Contigs: 0
Note that --allow-ambiguity option was set to "one" and only first alignment per each of these contigs was used (there is no "extra" aligned bases).

	Covered Bases in Reference: 4640719
	Raw Aligned Bases in Assembly: 4640717
	Total Aligned Bases in Assembly (with "Extras"): 4640717

	SNPs: 1
	Insertions: 0
	Deletions: 2

